[0] "animal"
[1] "fake"
[2] "jewels"
[3] "fruit"
[4] "shoes"
[5] "snowflake"
[6] "vehicles"
