{
  "exercise": {
    "track_id": "animal",
    "language": "Animal",
    "slug": "dog",
    "name": "Dog",
    "blurb": "This is dog.",
    "files": {
      "a_dog.animal": "assert 'woof woof'\n",
      "a_dog_2.animal": "assert \"Miaowww\"\n",
      "a_test_example_for.animal": "example test\n"
    }
  }
}
